============================================================
  Generated by:           Genus(TM) Synthesis Solution 20.11-s111_1
  Generated on:           Oct 30 2025  11:27:10 am
  Module:                 processor
  Operating conditions:   slow (balanced_tree)
  Wireload mode:          enclosed
  Area mode:              timing library
============================================================

                                
   Gate    Instances    Area     Library  
------------------------------------------
ADDFX1             4    279.418    tsmc18 
AND2X2             2     26.611    tsmc18 
AOI211X1          18    299.376    tsmc18 
AOI211XL           5     83.160    tsmc18 
AOI21X1           36    479.002    tsmc18 
AOI21XL           10    133.056    tsmc18 
AOI221X1          33    768.398    tsmc18 
AOI221XL          12    279.418    tsmc18 
AOI222X1          42   1117.670    tsmc18 
AOI222XL           5    133.056    tsmc18 
AOI22X1          276   4590.432    tsmc18 
AOI22XL            7    116.424    tsmc18 
AOI2BB1X1          1     16.632    tsmc18 
AOI2BB2X1          5    116.424    tsmc18 
AOI31X1            5     83.160    tsmc18 
AOI31XL            2     33.264    tsmc18 
AOI32X1            1     23.285    tsmc18 
DFFRHQX1          23   1606.651    tsmc18 
DFFRX1            12    918.086    tsmc18 
INVX1             58    385.862    tsmc18 
INVXL             12     79.834    tsmc18 
MXI2X1             1     23.285    tsmc18 
NAND2BX1           3     39.917    tsmc18 
NAND2X1           98    977.962    tsmc18 
NAND2XL            5     49.896    tsmc18 
NAND3BX1           3     49.896    tsmc18 
NAND3X1           20    266.112    tsmc18 
NAND4BXL           3     59.875    tsmc18 
NAND4X1           46    765.072    tsmc18 
NAND4XL            3     49.896    tsmc18 
NOR2BX1           12    159.667    tsmc18 
NOR2BXL            2     26.611    tsmc18 
NOR2X1           115   1147.608    tsmc18 
NOR2XL             2     19.958    tsmc18 
NOR3X1             6     79.834    tsmc18 
OAI211X1           3     59.875    tsmc18 
OAI211XL           1     19.958    tsmc18 
OAI21XL           19    252.806    tsmc18 
OAI221XL          15    349.272    tsmc18 
OAI222XL           6    159.667    tsmc18 
OAI2BB1X1         26    432.432    tsmc18 
OAI2BB1XL          2     33.264    tsmc18 
OAI2BB2X1          2     46.570    tsmc18 
OAI2BB2XL          1     23.285    tsmc18 
OAI31X1            1     19.958    tsmc18 
OAI32X1            2     46.570    tsmc18 
OR3XL              1     16.632    tsmc18 
SDFFRHQX1        247  20540.521    tsmc18 
SDFFSHQX1         14   1117.670    tsmc18 
XNOR2X1            1     26.611    tsmc18 
------------------------------------------
total           1229  38429.900           


                                          
     Type      Instances    Area   Area % 
------------------------------------------
sequential           296 24182.929   62.9 
inverter              70   465.696    1.2 
logic                863 13781.275   35.9 
physical_cells         0     0.000    0.0 
------------------------------------------
total               1229 38429.900  100.0 

