============================================================
  Generated by:           Genus(TM) Synthesis Solution 20.11-s111_1
  Generated on:           Oct 30 2025  10:32:18 am
  Module:                 processor
  Operating conditions:   slow (balanced_tree)
  Wireload mode:          enclosed
  Area mode:              timing library
============================================================


Path 1: MET (6248 ps) Setup Check with Pin alu_b_reg[1]/CK->D
          Group: clk
     Startpoint: (R) PC_reg[3]/CK
          Clock: (R) clk
       Endpoint: (R) alu_b_reg[1]/D
          Clock: (R) clk

                     Capture       Launch     
        Clock Edge:+   10000            0     
       Src Latency:+       0            0     
       Net Latency:+       0 (I)        0 (I) 
           Arrival:=   10000            0     
                                              
             Setup:-     143                  
     Required Time:=    9857                  
      Launch Clock:-       0                  
         Data Path:-    3609                  
             Slack:=    6248                  

#----------------------------------------------------------------------------------------
# Timing Point   Flags   Arc   Edge   Cell     Fanout  Load Trans Delay Arrival Instance 
#                                                      (fF)  (ps)  (ps)   (ps)  Location 
#----------------------------------------------------------------------------------------
  PC_reg[3]/CK   -       -     R     (arrival)    296     -     0     0       0    (-,-) 
  PC_reg[3]/Q    -       CK->Q F     DFFRX1        15 102.2   704   808     808    (-,-) 
  g51546__9315/Y -       A->Y  F     AND2X1        28  57.7   413   494    1302    (-,-) 
  g51530/Y       -       A->Y  R     CLKINVX1       4   6.8   151   143    1445    (-,-) 
  g51450__5122/Y -       B->Y  F     NOR2XL         4   6.4   219   108    1553    (-,-) 
  g51298__7410/Y -       A0->Y R     AOI22XL        1   1.7   136   158    1711    (-,-) 
  g51004__6260/Y -       D->Y  F     NAND4XL        2   4.5   294   231    1942    (-,-) 
  g50698__5477/Y -       A1->Y R     AOI21X1        1   2.8   128   127    2068    (-,-) 
  g50694__6260/Y -       C0->Y F     OAI221X1       3   8.5   260   220    2288    (-,-) 
  g50684/Y       -       A->Y  R     CLKINVX1       2   5.6   108   110    2398    (-,-) 
  g50645__1666/Y -       C->Y  F     NAND3X1        8  12.8   321   237    2635    (-,-) 
  g50597__5115/Y -       A->Y  R     NOR2XL         8  14.3   443   393    3027    (-,-) 
  g50479__6417/Y -       A1->Y F     AOI22XL        1   1.7   197   159    3187    (-,-) 
  g50455__5477/Y -       B->Y  R     NAND3XL        1   2.8   101   111    3297    (-,-) 
  g50434__5477/Y -       C0->Y F     AOI221X1       1   1.6   193    49    3346    (-,-) 
  g50401__1705/Y -       C->Y  R     NAND4XL        1   1.7   111    97    3443    (-,-) 
  g50395__7482/Y -       C0->Y F     AOI221XL       1   1.7   219    61    3504    (-,-) 
  g50376__3680/Y -       D->Y  R     NAND4XL        1   2.3   100   105    3609    (-,-) 
  alu_b_reg[1]/D <<<     -     R     DFFRHQX1       1     -     -     0    3609    (-,-) 
#----------------------------------------------------------------------------------------

