============================================================
  Generated by:           Genus(TM) Synthesis Solution 20.11-s111_1
  Generated on:           Oct 30 2025  11:27:09 am
  Module:                 processor
  Operating conditions:   slow (balanced_tree)
  Wireload mode:          enclosed
  Area mode:              timing library
============================================================


Path 1: MET (12168 ps) Setup Check with Pin alu_b_reg[4]/CK->D
          Group: clk
     Startpoint: (R) PC_reg[3]/CK
          Clock: (R) clk
       Endpoint: (F) alu_b_reg[4]/D
          Clock: (R) clk

                     Capture       Launch     
        Clock Edge:+   20000            0     
       Src Latency:+       0            0     
       Net Latency:+       0 (I)        0 (I) 
           Arrival:=   20000            0     
                                              
             Setup:-     375                  
     Required Time:=   19625                  
      Launch Clock:-       0                  
         Data Path:-    7457                  
             Slack:=   12168                  

#----------------------------------------------------------------------------------------
# Timing Point   Flags   Arc   Edge   Cell     Fanout  Load Trans Delay Arrival Instance 
#                                                      (fF)  (ps)  (ps)   (ps)  Location 
#----------------------------------------------------------------------------------------
  PC_reg[3]/CK   -       -     R     (arrival)    296     -     0     0       0    (-,-) 
  PC_reg[3]/Q    -       CK->Q R     DFFRHQX1       8 123.2  2308  1577    1577    (-,-) 
  g44326/Y       -       A->Y  F     INVX1          3  12.3   387   187    1764    (-,-) 
  g44304__1705/Y -       A->Y  R     NOR2X1        31 134.6  2505  1511    3275    (-,-) 
  g44287/Y       -       A->Y  F     INVX1          3  12.9   414   195    3470    (-,-) 
  g44221__2398/Y -       A->Y  R     NOR2X1         6  25.7   580   415    3885    (-,-) 
  g44641/Y       -       AN->Y R     NOR2BX1       11  46.4   942   662    4547    (-,-) 
  g43845__5115/Y -       B0->Y F     AOI222X1       1   3.4   356   234    4781    (-,-) 
  g43737__4319/Y -       B->Y  R     NAND4BXL       1   4.7   250   212    4993    (-,-) 
  g43713__7410/Y -       C0->Y F     AOI221X1       2   6.8   304   103    5096    (-,-) 
  g43434__2802/Y -       A0->Y R     OAI21XL        1   3.2   281   219    5315    (-,-) 
  g43415__2346/Y -       B0->Y F     AOI21XL        1   3.3   138    80    5395    (-,-) 
  g43404__2802/Y -       C0->Y R     OAI221XL       4  13.8   686   223    5618    (-,-) 
  g43350__2346/Y -       B->Y  R     OR3XL          8  30.7   562   506    6124    (-,-) 
  g43301__6260/Y -       B->Y  F     NOR2BX1        8  37.8   326   314    6438    (-,-) 
  g43211__2398/Y -       A0->Y R     AOI22X1        1   4.6   249   204    6642    (-,-) 
  g43146__8428/Y -       C->Y  F     NAND4X1        1   4.7   154   138    6780    (-,-) 
  g43131__5107/Y -       C0->Y R     AOI221X1       1   4.8   350   227    7007    (-,-) 
  g43117__6417/Y -       A->Y  F     NAND4X1        1   4.7   166   127    7134    (-,-) 
  g43110__2802/Y -       C0->Y R     AOI221X1       1   3.2   312   209    7342    (-,-) 
  g43100__2398/Y -       A->Y  F     NAND4XL        1   1.8   156   114    7457    (-,-) 
  alu_b_reg[4]/D <<<     -     F     DFFRHQX1       1     -     -     0    7457    (-,-) 
#----------------------------------------------------------------------------------------

