============================================================
  Generated by:           Genus(TM) Synthesis Solution 20.11-s111_1
  Generated on:           Oct 30 2025  10:32:19 am
  Module:                 processor
  Operating conditions:   slow (balanced_tree)
  Wireload mode:          enclosed
  Area mode:              timing library
============================================================

                                
   Gate    Instances    Area    Library 
----------------------------------------
ADDFX1             2     39.359    slow 
AND2X1            12     54.497    slow 
AO22XL             3     22.707    slow 
AOI211X1          13     68.878    slow 
AOI211XL           7     37.088    slow 
AOI21X1           14     63.580    slow 
AOI21XL           11     49.955    slow 
AOI221X1          21    158.949    slow 
AOI221XL          24    181.656    slow 
AOI222XL          46    382.991    slow 
AOI22X1           53    320.926    slow 
AOI22XL          180   1089.936    slow 
AOI31X1            1      6.055    slow 
AOI32X1            4     27.248    slow 
CLKINVX1          40     90.828    slow 
DFFRHQX1          12    245.236    slow 
DFFRX1            15    329.251    slow 
DFFRX2             7    158.949    slow 
INVXL             23     52.226    slow 
MX2X1              5     34.060    slow 
MX4XL             10    181.656    slow 
MXI2XL             3     18.166    slow 
MXI4XL            11    199.822    slow 
NAND2BX1           5     22.707    slow 
NAND2XL          133    402.671    slow 
NAND3BX1           1      6.055    slow 
NAND3X1           16     72.662    slow 
NAND3XL            6     27.248    slow 
NAND4XL           53    280.810    slow 
NOR2BX1            5     22.707    slow 
NOR2X1             1      3.784    slow 
NOR2XL           101    305.788    slow 
NOR3X1             6     27.248    slow 
OA22XL             5     37.845    slow 
OAI211X1          12     63.580    slow 
OAI211XL           7     37.088    slow 
OAI21X1           19     86.287    slow 
OAI21XL            4     18.166    slow 
OAI221X1          10     75.690    slow 
OAI222XL           8     66.607    slow 
OAI22X1            8     48.442    slow 
OAI2BB1X1          8     42.386    slow 
OAI2BB1XL         21    111.264    slow 
OR2X1              1      4.541    slow 
SDFFRHQX1        248   6194.469    slow 
SDFFSHQX1         14    381.478    slow 
----------------------------------------
total           1209  12153.543         


                                          
     Type      Instances    Area   Area % 
------------------------------------------
sequential           296  7309.383   60.1 
inverter              63   143.054    1.2 
logic                850  4701.106   38.7 
physical_cells         0     0.000    0.0 
------------------------------------------
total               1209 12153.543  100.0 

